// Jest Snapshot v1, https://goo.gl/fbAQLP

exports[`it should add custom router 1`] = `
"
 Path         Methods   ParamNames 

 /            HEAD,GET             

 /user/:name  HEAD,GET  name       

"
`;

exports[`it should add router 1`] = `
"
 Path         Methods   ParamNames 

 /            HEAD,GET             

 /user/:name  HEAD,GET  name       

"
`;

exports[`it should not rewrite router 1`] = `"user router"`;
